﻿
> frontend@0.0.0 build
> vite build

[36mvite v7.3.1 [32mbuilding client environment for production...[36m[39m
transforming...
[32mΓ£ô[39m 1842 modules transformed.
node.exe : [31mΓ£ù[39m Build failed in 3.02s
At line:1 char:1
+ & "C:\Program Files\nodejs/node.exe" "C:\Program 
Files\nodejs/node_mo ...
+ ~~~~~~~~~~~~~~~~~~~~~~~~~~~~~~~~~~~~~~~~~~~~~~~~~~~~~~~
~~~~~~~~~~~~~~
    + CategoryInfo          : NotSpecified: ([31mΓ£ù[3 
   9m Build failed in 3.02s:String) [], RemoteException
    + FullyQualifiedErrorId : NativeCommandError
 
[31merror during build:
[31msrc/pages/Login.jsx (7:19): "loginUser" is not 
exported by "src/api/config.js", imported by 
"src/pages/Login.jsx".[31m
file: [36mC:/xampp/htdocs/Sikwate_QR/frontend/src/pages/
Login.jsx:7:19[31m
[33m
5: import withReactContent from 
'sweetalert2-react-content'
6: import { Coffee, LogIn, Lock, User, ArrowLeft } from 
'lucide-react'
7: import { API_BASE, loginUser } from '../api/config'
                      ^
8: 
9: const MySwal = withReactContent(Swal)
[31m
    at getRollupError (file:///C:/xampp/htdocs/Sikwate_QR
/frontend/node_modules/rollup/dist/es/shared/parseAst.js:
402:41)
    at error (file:///C:/xampp/htdocs/Sikwate_QR/frontend
/node_modules/rollup/dist/es/shared/parseAst.js:398:42)
    at Module.error (file:///C:/xampp/htdocs/Sikwate_QR/f
rontend/node_modules/rollup/dist/es/shared/node-entry.js:
17040:16)
    at Module.traceVariable (file:///C:/xampp/htdocs/Sikw
ate_QR/frontend/node_modules/rollup/dist/es/shared/node-e
ntry.js:17452:29)
    at ModuleScope.findVariable (file:///C:/xampp/htdocs/
Sikwate_QR/frontend/node_modules/rollup/dist/es/shared/no
de-entry.js:15070:39)
    at ReturnValueScope.findVariable (file:///C:/xampp/ht
docs/Sikwate_QR/frontend/node_modules/rollup/dist/es/shar
ed/node-entry.js:5673:38)
    at FunctionBodyScope.findVariable (file:///C:/xampp/h
tdocs/Sikwate_QR/frontend/node_modules/rollup/dist/es/sha
red/node-entry.js:5673:38)
    at ReturnValueScope.findVariable (file:///C:/xampp/ht
docs/Sikwate_QR/frontend/node_modules/rollup/dist/es/shar
ed/node-entry.js:5673:38)
    at FunctionBodyScope.findVariable (file:///C:/xampp/h
tdocs/Sikwate_QR/frontend/node_modules/rollup/dist/es/sha
red/node-entry.js:5673:38)
    at BlockScope.findVariable (file:///C:/xampp/htdocs/S
ikwate_QR/frontend/node_modules/rollup/dist/es/shared/nod
e-entry.js:5673:38)[39m
